../Core/Src/main.c:73:1:__io_putchar	16	static
../Core/Src/main.c:88:5:main	104	static
../Core/Src/main.c:167:6:SystemClock_Config	88	static
../Core/Src/main.c:214:13:MX_USART1_UART_Init	8	static
../Core/Src/main.c:247:13:MX_GPIO_Init	24	static
../Core/Src/main.c:262:6:AboveNormalTask	24	static
../Core/Src/main.c:286:6:StartDefaultTask	24	static
../Core/Src/main.c:308:6:StartTask02	16	static
../Core/Src/main.c:326:6:HAL_TIM_PeriodElapsedCallback	16	static
../Core/Src/main.c:343:6:Error_Handler	4	static,ignoring_inline_asm
