../Core/Src/main.c:74:1:__io_putchar	16	static
../Core/Src/main.c:89:5:main	80	static
../Core/Src/main.c:171:6:SystemClock_Config	88	static
../Core/Src/main.c:218:13:MX_USART1_UART_Init	8	static
../Core/Src/main.c:251:13:MX_GPIO_Init	24	static
../Core/Src/main.c:266:6:HAL_GPIO_EXTI_Callback	16	static
../Core/Src/main.c:279:6:StartTask1	16	static
../Core/Src/main.c:299:6:StartTask2	16	static
../Core/Src/main.c:319:6:HAL_TIM_PeriodElapsedCallback	16	static
../Core/Src/main.c:336:6:Error_Handler	4	static,ignoring_inline_asm
